// Jest Snapshot v1, https://goo.gl/fbAQLP

exports[`serve:electron 1`] = `
"<div id=\\"app\\"><img src=\\"/img/logo.82b9c7a5.png\\"><div data-v-656039f0=\\"\\" class=\\"hello\\"><h1 data-v-656039f0=\\"\\">Welcome to Your Vue.js App</h1><p data-v-656039f0=\\"\\">
    For guide and recipes on how to configure / customize this project,<br data-v-656039f0=\\"\\">
    check out the
    <a data-v-656039f0=\\"\\" href=\\"https://cli.vuejs.org\\" target=\\"_blank\\">vue-cli documentation</a>.
  </p><h3 data-v-656039f0=\\"\\">Installed CLI Plugins</h3><ul data-v-656039f0=\\"\\"><li data-v-656039f0=\\"\\"><a data-v-656039f0=\\"\\" href=\\"https://github.com/vuejs/vue-cli/tree/dev/packages/%40vue/cli-plugin-babel\\" target=\\"_blank\\">babel</a></li><li data-v-656039f0=\\"\\"><a data-v-656039f0=\\"\\" href=\\"https://github.com/vuejs/vue-cli/tree/dev/packages/%40vue/cli-plugin-eslint\\" target=\\"_blank\\">eslint</a></li><li data-v-656039f0=\\"\\"><a data-v-656039f0=\\"\\" href=\\"https://www.npmjs.com/package/vue-cli-plugin-electron-builder\\" target=\\"_blank\\">electron-builder</a></li></ul><h3 data-v-656039f0=\\"\\">Essential Links</h3><ul data-v-656039f0=\\"\\"><li data-v-656039f0=\\"\\"><a data-v-656039f0=\\"\\" href=\\"https://vuejs.org\\" target=\\"_blank\\">Core Docs</a></li><li data-v-656039f0=\\"\\"><a data-v-656039f0=\\"\\" href=\\"https://forum.vuejs.org\\" target=\\"_blank\\">Forum</a></li><li data-v-656039f0=\\"\\"><a data-v-656039f0=\\"\\" href=\\"https://chat.vuejs.org\\" target=\\"_blank\\">Community Chat</a></li><li data-v-656039f0=\\"\\"><a data-v-656039f0=\\"\\" href=\\"https://twitter.com/vuejs\\" target=\\"_blank\\">Twitter</a></li></ul><h3 data-v-656039f0=\\"\\">Ecosystem</h3><ul data-v-656039f0=\\"\\"><li data-v-656039f0=\\"\\"><a data-v-656039f0=\\"\\" href=\\"https://router.vuejs.org\\" target=\\"_blank\\">vue-router</a></li><li data-v-656039f0=\\"\\"><a data-v-656039f0=\\"\\" href=\\"https://vuex.vuejs.org\\" target=\\"_blank\\">vuex</a></li><li data-v-656039f0=\\"\\"><a data-v-656039f0=\\"\\" href=\\"https://github.com/vuejs/vue-devtools#vue-devtools\\" target=\\"_blank\\">vue-devtools</a></li><li data-v-656039f0=\\"\\"><a data-v-656039f0=\\"\\" href=\\"https://vue-loader.vuejs.org\\" target=\\"_blank\\">vue-loader</a></li><li data-v-656039f0=\\"\\"><a data-v-656039f0=\\"\\" href=\\"https://github.com/vuejs/awesome-vue\\" target=\\"_blank\\">awesome-vue</a></li></ul></div></div>"
`;
