// Jest Snapshot v1, https://goo.gl/fbAQLP

exports[`serve:electron-ts 1`] = `
"<div id=\\"app\\"><img src=\\"/img/logo.82b9c7a5.png\\"><div data-v-469af010=\\"\\" class=\\"hello\\"><h1 data-v-469af010=\\"\\">Welcome to Your Vue.js + TypeScript App</h1><p data-v-469af010=\\"\\">
    For guide and recipes on how to configure / customize this project,<br data-v-469af010=\\"\\">
    check out the
    <a data-v-469af010=\\"\\" href=\\"https://cli.vuejs.org\\" target=\\"_blank\\">vue-cli documentation</a>.
  </p><h3 data-v-469af010=\\"\\">Installed CLI Plugins</h3><ul data-v-469af010=\\"\\"><li data-v-469af010=\\"\\"><a data-v-469af010=\\"\\" href=\\"https://github.com/vuejs/vue-cli/tree/dev/packages/%40vue/cli-plugin-babel\\" target=\\"_blank\\">babel</a></li><li data-v-469af010=\\"\\"><a data-v-469af010=\\"\\" href=\\"https://github.com/vuejs/vue-cli/tree/dev/packages/%40vue/cli-plugin-eslint\\" target=\\"_blank\\">eslint</a></li><li data-v-469af010=\\"\\"><a data-v-469af010=\\"\\" href=\\"https://github.com/vuejs/vue-cli/tree/dev/packages/%40vue/cli-plugin-typescript\\" target=\\"_blank\\">typescript</a></li><li data-v-469af010=\\"\\"><a data-v-469af010=\\"\\" href=\\"https://nklayman.github.io/vue-cli-plugin-electron-builder/\\" target=\\"_blank\\">electron-builder</a></li></ul><h3 data-v-469af010=\\"\\">Essential Links</h3><ul data-v-469af010=\\"\\"><li data-v-469af010=\\"\\"><a data-v-469af010=\\"\\" href=\\"https://vuejs.org\\" target=\\"_blank\\">Core Docs</a></li><li data-v-469af010=\\"\\"><a data-v-469af010=\\"\\" href=\\"https://forum.vuejs.org\\" target=\\"_blank\\">Forum</a></li><li data-v-469af010=\\"\\"><a data-v-469af010=\\"\\" href=\\"https://chat.vuejs.org\\" target=\\"_blank\\">Community Chat</a></li><li data-v-469af010=\\"\\"><a data-v-469af010=\\"\\" href=\\"https://twitter.com/vuejs\\" target=\\"_blank\\">Twitter</a></li></ul><h3 data-v-469af010=\\"\\">Ecosystem</h3><ul data-v-469af010=\\"\\"><li data-v-469af010=\\"\\"><a data-v-469af010=\\"\\" href=\\"https://router.vuejs.org\\" target=\\"_blank\\">vue-router</a></li><li data-v-469af010=\\"\\"><a data-v-469af010=\\"\\" href=\\"https://vuex.vuejs.org\\" target=\\"_blank\\">vuex</a></li><li data-v-469af010=\\"\\"><a data-v-469af010=\\"\\" href=\\"https://github.com/vuejs/vue-devtools#vue-devtools\\" target=\\"_blank\\">vue-devtools</a></li><li data-v-469af010=\\"\\"><a data-v-469af010=\\"\\" href=\\"https://vue-loader.vuejs.org\\" target=\\"_blank\\">vue-loader</a></li><li data-v-469af010=\\"\\"><a data-v-469af010=\\"\\" href=\\"https://github.com/vuejs/awesome-vue\\" target=\\"_blank\\">awesome-vue</a></li></ul></div></div>"
`;
